[Map]
author= _ MIKE CRUSH _
image=_64_ BIG BLUE.bmp
wrap=yes
scroll=none
warn=yes

[Continents]
Continent1=4
Continent2=1
Continent3=1
Continent4=3
Continent5=1
Continent6=3
Continent7=1
Continent8=2
Continent9=4
Continent10=1
Continent11=3
Continent12=10

[Territories]
Territory01,105,55,Continent1,Territory08,Territory02
Territory02,173,51,Continent1,Territory08,Territory01,Territory03,Territory06
Territory03,233,42,Continent1,Territory02,Territory06,Territory04,Territory05
Territory04,293,40,Continent1,Territory03,Territory05,Territory09
Territory05,290,86,Continent1,Territory03,Territory06,Territory04,Territory11
Territory06,239,94,Continent1,Territory07,Territory08,Territory02,Territory03,Territory05,Territory62
Territory07,205,135,Continent1,Territory06,Territory08,Territory58
Territory08,145,106,Continent1,Territory07,Territory06,Territory01,Territory02,Territory57
Territory09,404,35,Continent2,Territory11,Territory10,Territory04
Territory10,447,46,Continent2,Territory09,Territory11,Territory12
Territory11,403,71,Continent2,Territory09,Territory10,Territory12,Territory05,Territory63
Territory12,452,78,Continent2,Territory10,Territory11,Territory13
Territory13,544,105,Continent3,Territory15,Territory14,Territory12,Territory64
Territory14,581,123,Continent3,Territory13,Territory15,Territory16,Territory93
Territory15,580,91,Continent3,Territory13,Territory14,Territory16
Territory16,620,108,Continent3,Territory15,Territory14,Territory17
Territory17,680,131,Continent4,Territory18,Territory20,Territory16
Territory18,735,105,Continent4,Territory17,Territory20,Territory19
Territory19,776,126,Continent4,Territory18,Territory20,Territory21,Territory23
Territory20,731,146,Continent4,Territory17,Territory18,Territory19,Territory21,Territory92
Territory21,782,175,Continent4,Territory20,Territory19,Territory27
Territory22,872,96,Continent5,Territory23,Territory24,Territory25
Territory23,854,125,Continent5,Territory22,Territory24,Territory19
Territory24,895,128,Continent5,Territory23,Territory22,Territory25,Territory26
Territory25,908,96,Continent5,Territory22,Territory24
Territory26,904,216,Continent6,Territory27,Territory28,Territory29,Territory24
Territory27,857,230,Continent6,Territory26,Territory28,Territory31,Territory21
Territory28,878,250,Continent6,Territory26,Territory29,Territory27,Territory31,Territory30
Territory29,914,254,Continent6,Territory26,Territory28,Territory30
Territory30,890,287,Continent6,Territory31,Territory28,Territory29
Territory31,856,277,Continent6,Territory27,Territory28,Territory30,Territory91,Territory32
Territory32,823,360,Continent7,Territory36,Territory33,Territory31
Territory33,797,370,Continent7,Territory36,Territory35,Territory32,Territory34
Territory34,777,385,Continent7,Territory33,Territory35,Territory86
Territory35,804,405,Continent7,Territory36,Territory33,Territory34
Territory36,832,385,Continent7,Territory32,Territory33,Territory35,Territory37
Territory37,872,482,Continent8,Territory38,Territory39,Territory36
Territory38,886,528,Continent8,Territory37,Territory39,Territory40
Territory39,825,516,Continent8,Territory38,Territory40,Territory41,Territory37,Territory86
Territory40,850,552,Continent8,Territory38,Territory39,Territory41
Territory41,806,553,Continent8,Territory39,Territory40,Territory83
Territory42,344,534,Continent9,Territory43,Territory44,Territory78
Territory43,311,573,Continent9,Territory42,Territory44,Territory46
Territory44,292,522,Continent9,Territory43,Territory42,Territory45,Territory46,Territory71
Territory45,236,497,Continent9,Territory44,Territory46,Territory47,Territory50,Territory48
Territory46,251,549,Continent9,Territory43,Territory44,Territory45,Territory47
Territory47,194,534,Continent9,Territory46,Territory45,Territory48,Territory49
Territory48,164,508,Continent9,Territory45,Territory50,Territory47,Territory49
Territory49,111,543,Continent9,Territory48,Territory47,Territory51
Territory50,191,450,Continent9,Territory45,Territory48,Territory69,Territory52
Territory51,50,448,Continent10,Territory52,Territory53,Territory49
Territory52,100,447,Continent10,Territory51,Territory53,Territory54,Territory50
Territory53,53,409,Continent10,Territory52,Territory51,Territory54,Territory55
Territory54,110,406,Continent10,Territory52,Territory53,Territory60
Territory55,50,297,Continent11,Territory56,Territory57,Territory53
Territory56,101,317,Continent11,Territory60,Territory59,Territory55,Territory57
Territory57,94,255,Continent11,Territory56,Territory55,Territory58,Territory59,Territory08
Territory58,150,237,Continent11,Territory57,Territory59,Territory07
Territory59,147,280,Continent11,Territory60,Territory56,Territory57,Territory58,Territory61
Territory60,149,324,Continent11,Territory59,Territory56,Territory54
Territory61,289,275,Continent12,Territory70,Territory69,Territory65,Territory62,Territory59
Territory62,304,216,Continent12,Territory65,Territory61,Territory63,Territory06
Territory63,367,201,Continent12,Territory65,Territory62,Territory64,Territory66,Territory11
Territory64,441,186,Continent12,Territory63,Territory66,Territory67,Territory13
Territory65,365,259,Continent12,Territory70,Territory61,Territory62,Territory63,Territory66
Territory66,455,233,Continent12,Territory65,Territory64,Territory63,Territory67,Territory68
Territory67,517,211,Continent12,Territory66,Territory68,Territory64,Territory93
Territory68,536,263,Continent12,Territory75,Territory66,Territory67,Territory93,Territory90
Territory69,280,356,Continent12,Territory71,Territory70,Territory61,Territory50
Territory70,341,324,Continent12,Territory71,Territory69,Territory72,Territory65,Territory61
Territory71,324,401,Continent12,Territory73,Territory72,Territory70,Territory69,Territory44
Territory72,414,368,Continent12,Territory74,Territory73,Territory71,Territory70
Territory73,406,432,Continent12,Territory74,Territory76,Territory77,Territory72,Territory71
Territory74,490,375,Continent12,Territory75,Territory72,Territory73,Territory76
Territory75,537,330,Continent12,Territory74,Territory68,Territory90,Territory89
Territory76,496,449,Continent12,Territory74,Territory73,Territory77,Territory79,Territory80
Territory77,449,492,Continent12,Territory76,Territory79,Territory78,Territory73
Territory78,485,542,Continent12,Territory79,Territory77,Territory81,Territory42
Territory79,541,508,Continent12,Territory76,Territory80,Territory85,Territory78,Territory77,Territory81
Territory80,563,464,Continent12,Territory76,Territory79,Territory85
Territory81,571,553,Continent12,Territory85,Territory79,Territory78,Territory82
Territory82,617,558,Continent12,Territory85,Territory81,Territory83,Territory84
Territory83,661,561,Continent12,Territory82,Territory84,Territory41
Territory84,674,522,Continent12,Territory85,Territory82,Territory83,Territory86
Territory85,624,486,Continent12,Territory80,Territory79,Territory87,Territory86,Territory84,Territory82,Territory81
Territory86,694,457,Continent12,Territory88,Territory87,Territory85,Territory84,Territory34,Territory39
Territory87,642,423,Continent12,Territory88,Territory86,Territory85
Territory88,680,380,Continent12,Territory91,Territory89,Territory87,Territory86
Territory89,611,343,Continent12,Territory75,Territory91,Territory90,Territory88
Territory90,601,297,Continent12,Territory75,Territory93,Territory92,Territory91,Territory89,Territory68
Territory91,691,310,Continent12,Territory92,Territory90,Territory89,Territory88,Territory31
Territory92,656,252,Continent12,Territory93,Territory90,Territory91,Territory20
Territory93,596,227,Continent12,Territory67,Territory68,Territory90,Territory92,Territory14
